// Jest Snapshot v1, https://goo.gl/fbAQLP

exports[`Login renders properly 1`] = `
<DocumentFragment>
  <main
    class="auth-container"
  >
    <div
      class="auth-logo"
    />
    <div
      class="auth-form-container auth-tile"
    >
      <div
        class="auth-form-title"
      >
        Login
      </div>
      <p
        class="auth-form-description"
      >
        Please provide your credentials below to login.
      </p>
      <form
        class="auth-form"
      >
        <div
          class="auth-form-row"
        >
          <input
            id="email"
            name="email"
            placeholder="E-mail"
            required=""
            type="email"
          />
        </div>
        <div
          class="auth-form-row"
        >
          <input
            id="password"
            name="password"
            placeholder="Password"
            required=""
            type="password"
          />
        </div>
        <div
          class="auth-form-submit"
        >
          <input
            type="submit"
            value="Submit"
          />
        </div>
        <ul
          class="auth-form-link"
        >
          <li>
            <a
              href="/auth/register"
            >
              Create new account
            </a>
          </li>
          <li>
            <a
              href="/auth/reset-password"
            >
              Forgot password?
            </a>
          </li>
        </ul>
      </form>
    </div>
  </main>
</DocumentFragment>
`;
