// Jest Snapshot v1, https://goo.gl/fbAQLP

exports[`AuthProvider renders properly 1`] = `
<DocumentFragment>
  <div>
    Test
  </div>
</DocumentFragment>
`;
